2024-11-26 08:19:19,418 INFO [Mobile_api_flask_sqlite:48] Database initialized or already exists.
2024-11-26 08:19:20,231 INFO [Mobile_api_flask_sqlite:48] Database initialized or already exists.
2024-11-26 08:19:37,483 INFO [Mobile_api_flask_sqlite:209] Server started at port 5000
2024-11-26 08:19:37,608 INFO [Mobile_api_flask_sqlite:209] Server started at port 5000
2024-11-26 08:19:40,521 INFO [Mobile_api_flask_sqlite:48] Database initialized or already exists.
2024-11-26 08:19:41,888 INFO [Mobile_api_flask_sqlite:48] Database initialized or already exists.
2024-11-26 08:19:54,711 INFO [Mobile_api_flask_sqlite:209] Server started at port 5000
2024-11-26 08:19:54,805 INFO [Mobile_api_flask_sqlite:209] Server started at port 5000
2024-11-26 08:28:14,846 INFO [Mobile_api_flask_sqlite:48] Database initialized or already exists.
2024-11-26 08:28:16,929 INFO [Mobile_api_flask_sqlite:48] Database initialized or already exists.
2024-11-26 08:32:05,444 INFO [Mobile_api_flask_sqlite:58] Fetching all mobiles from the database.
2024-11-26 08:32:05,471 INFO [Mobile_api_flask_sqlite:66] No mobiles found in the database.
2024-11-26 08:32:20,409 INFO [Mobile_api_flask_sqlite:58] Fetching all mobiles from the database.
2024-11-26 08:32:20,657 INFO [Mobile_api_flask_sqlite:66] No mobiles found in the database.
2024-11-26 08:32:25,363 INFO [Mobile_api_flask_sqlite:58] Fetching all mobiles from the database.
2024-11-26 08:32:25,365 INFO [Mobile_api_flask_sqlite:66] No mobiles found in the database.
2024-11-26 08:32:36,256 INFO [Mobile_api_flask_sqlite:104] Received data for new mobile: {'name': '1', 'price': 1, 'ram': 1, 'storage': 1}
2024-11-26 08:32:36,334 INFO [Mobile_api_flask_sqlite:136] Mobile added successfully: 1, 1, 1, 1
2024-11-26 08:32:36,383 INFO [Mobile_api_flask_sqlite:58] Fetching all mobiles from the database.
2024-11-26 08:32:36,386 INFO [Mobile_api_flask_sqlite:69] Found 1 mobiles in the database.
2024-11-26 08:32:48,701 INFO [Mobile_api_flask_sqlite:104] Received data for new mobile: {'name': '2', 'price': 2, 'ram': 2, 'storage': 2}
2024-11-26 08:32:48,770 INFO [Mobile_api_flask_sqlite:136] Mobile added successfully: 2, 2, 2, 2
2024-11-26 08:32:48,808 INFO [Mobile_api_flask_sqlite:58] Fetching all mobiles from the database.
2024-11-26 08:32:48,816 INFO [Mobile_api_flask_sqlite:69] Found 2 mobiles in the database.
2024-11-26 08:33:02,835 INFO [Mobile_api_flask_sqlite:174] Mobile updated successfully (ID: 2)
2024-11-26 08:33:02,888 INFO [Mobile_api_flask_sqlite:58] Fetching all mobiles from the database.
2024-11-26 08:33:02,893 INFO [Mobile_api_flask_sqlite:69] Found 2 mobiles in the database.
2024-11-26 08:33:19,189 INFO [Mobile_api_flask_sqlite:104] Received data for new mobile: {'name': '3', 'price': 3, 'ram': 3, 'storage': 3}
2024-11-26 08:33:19,279 INFO [Mobile_api_flask_sqlite:136] Mobile added successfully: 3, 3, 3, 3
2024-11-26 08:33:19,301 INFO [Mobile_api_flask_sqlite:58] Fetching all mobiles from the database.
2024-11-26 08:33:19,312 INFO [Mobile_api_flask_sqlite:69] Found 3 mobiles in the database.
2024-11-26 08:33:25,667 INFO [Mobile_api_flask_sqlite:58] Fetching all mobiles from the database.
2024-11-26 08:33:25,667 INFO [Mobile_api_flask_sqlite:69] Found 3 mobiles in the database.
2024-11-26 08:33:29,135 INFO [Mobile_api_flask_sqlite:104] Received data for new mobile: {'name': '4', 'price': 4, 'ram': 4, 'storage': 4}
2024-11-26 08:33:29,470 INFO [Mobile_api_flask_sqlite:136] Mobile added successfully: 4, 4, 4, 4
2024-11-26 08:33:29,588 INFO [Mobile_api_flask_sqlite:58] Fetching all mobiles from the database.
2024-11-26 08:33:29,592 INFO [Mobile_api_flask_sqlite:69] Found 4 mobiles in the database.
2024-11-26 08:33:46,875 INFO [Mobile_api_flask_sqlite:179] Attempting to delete mobile with ID 4.
2024-11-26 08:33:46,938 INFO [Mobile_api_flask_sqlite:199] Mobile deleted successfully (ID: 4)
2024-11-26 08:33:46,960 INFO [Mobile_api_flask_sqlite:58] Fetching all mobiles from the database.
2024-11-26 08:33:46,972 INFO [Mobile_api_flask_sqlite:69] Found 3 mobiles in the database.
2024-11-26 08:34:20,175 INFO [Mobile_api_flask_sqlite:58] Fetching all mobiles from the database.
2024-11-26 08:34:20,176 INFO [Mobile_api_flask_sqlite:69] Found 3 mobiles in the database.
2024-11-26 08:36:45,882 INFO [Mobile_api_flask_sqlite:209] Server started at port 5000
2024-11-26 08:36:46,100 INFO [Mobile_api_flask_sqlite:209] Server started at port 5000
